******************************************************************************
             TMS320C2000 Linker PC v15.12.3                    
******************************************************************************
>> Linked Thu Sep 21 15:15:15 2017

OUTPUT FILE NAME:   <ClimbRobot.out>
ENTRY POINT SYMBOL: "code_start"  address: 00080000


MEMORY CONFIGURATION

         name            origin    length      used     unused   attr    fill
----------------------  --------  ---------  --------  --------  ----  --------
PAGE 0:
  RAMM0                 00000122   000002de  00000000  000002de  RWIX
  RAMLS0                00008000   00000800  00000072  0000078e  RWIX
  RAMLS1                00008800   00000800  00000000  00000800  RWIX
  RAMLS2                00009000   00000800  00000000  00000800  RWIX
  RAMLS3                00009800   00000800  00000000  00000800  RWIX
  RAMLS4                0000a000   00000800  00000000  00000800  RWIX
  RAMD0                 0000b000   00000800  00000000  00000800  RWIX
  BEGIN                 00080000   00000002  00000002  00000000  RWIX
  FLASHA                00080002   00001ffe  00000000  00001ffe  RWIX
  FLASHB                00082000   00002000  000012e5  00000d1b  RWIX
  FLASHC                00084000   00002000  00000000  00002000  RWIX
  FLASHD                00086000   00002000  00000072  00001f8e  RWIX
  FLASHE                00088000   00008000  00000000  00008000  RWIX
  FLASHF                00090000   00008000  00000232  00007dce  RWIX
  FLASHG                00098000   00008000  00000000  00008000  RWIX
  FLASHH                000a0000   00008000  00000000  00008000  RWIX
  FLASHI                000a8000   00008000  00000000  00008000  RWIX
  FLASHJ                000b0000   00008000  00000000  00008000  RWIX
  FLASHK                000b8000   00002000  00000000  00002000  RWIX
  FLASHL                000ba000   00002000  00000000  00002000  RWIX
  FLASHM                000bc000   00002000  00000000  00002000  RWIX
  FLASHN                000be000   00002000  00000000  00002000  RWIX
  RESET                 003fffc0   00000002  00000000  00000002  RWIX

PAGE 1:
  BOOT_RSVD             00000002   00000120  00000000  00000120  RWIX
  RAMM1                 00000400   00000400  00000400  00000000  RWIX
  ADCA_RESULT           00000b00   00000020  00000018  00000008  RWIX
  ADCB_RESULT           00000b20   00000020  00000018  00000008  RWIX
  ADCC_RESULT           00000b40   00000020  00000018  00000008  RWIX
  ADCD_RESULT           00000b60   00000020  00000018  00000008  RWIX
  CPU_TIMER0            00000c00   00000008  00000008  00000000  RWIX
  CPU_TIMER1            00000c08   00000008  00000008  00000000  RWIX
  CPU_TIMER2            00000c10   00000008  00000008  00000000  RWIX
  PIE_CTRL              00000ce0   00000020  0000001a  00000006  RWIX
  PIE_VECT              00000d00   00000200  000001c0  00000040  RWIX
  DMA                   00001000   00000200  000000e0  00000120  RWIX
  CLA1                  00001400   00000040  0000003e  00000002  RWIX
  EPWM1                 00004000   00000100  00000100  00000000  RWIX
  EPWM2                 00004100   00000100  00000100  00000000  RWIX
  EPWM3                 00004200   00000100  00000100  00000000  RWIX
  EPWM4                 00004300   00000100  00000100  00000000  RWIX
  EPWM5                 00004400   00000100  00000100  00000000  RWIX
  EPWM6                 00004500   00000100  00000100  00000000  RWIX
  EPWM7                 00004600   00000100  00000100  00000000  RWIX
  EPWM8                 00004700   00000100  00000100  00000000  RWIX
  EPWM9                 00004800   00000100  00000100  00000000  RWIX
  EPWM10                00004900   00000100  00000100  00000000  RWIX
  EPWM11                00004a00   00000100  00000100  00000000  RWIX
  EPWM12                00004b00   00000100  00000100  00000000  RWIX
  ECAP1                 00005000   00000020  00000020  00000000  RWIX
  ECAP2                 00005020   00000020  00000020  00000000  RWIX
  ECAP3                 00005040   00000020  00000020  00000000  RWIX
  ECAP4                 00005060   00000020  00000020  00000000  RWIX
  ECAP5                 00005080   00000020  00000020  00000000  RWIX
  ECAP6                 000050a0   00000020  00000020  00000000  RWIX
  EQEP1                 00005100   00000040  00000022  0000001e  RWIX
  EQEP2                 00005140   00000040  00000022  0000001e  RWIX
  EQEP3                 00005180   00000040  00000022  0000001e  RWIX
  DACA                  00005c00   00000010  00000008  00000008  RWIX
  DACB                  00005c10   00000010  00000008  00000008  RWIX
  DACC                  00005c20   00000010  00000008  00000008  RWIX
  CMPSS1                00005c80   00000020  00000020  00000000  RWIX
  CMPSS2                00005ca0   00000020  00000020  00000000  RWIX
  CMPSS3                00005cc0   00000020  00000020  00000000  RWIX
  CMPSS4                00005ce0   00000020  00000020  00000000  RWIX
  CMPSS5                00005d00   00000020  00000020  00000000  RWIX
  CMPSS6                00005d20   00000020  00000020  00000000  RWIX
  CMPSS7                00005d40   00000020  00000020  00000000  RWIX
  CMPSS8                00005d60   00000020  00000020  00000000  RWIX
  SDFM1                 00005e00   00000080  00000080  00000000  RWIX
  SDFM2                 00005e80   00000080  00000080  00000000  RWIX
  MCBSPA                00006000   00000040  00000024  0000001c  RWIX
  MCBSPB                00006040   00000040  00000024  0000001c  RWIX
  SPIA                  00006100   00000010  00000010  00000000  RWIX
  SPIB                  00006110   00000010  00000010  00000000  RWIX
  SPIC                  00006120   00000010  00000010  00000000  RWIX
  SPID                  00006130   00000010  00000000  00000010  RWIX
  UPP                   00006200   00000100  00000048  000000b8  RWIX
  WD                    00007000   00000040  0000002b  00000015  RWIX
  NMIINTRUPT            00007060   00000010  00000007  00000009  RWIX
  XINT                  00007070   00000010  0000000b  00000005  RWIX
  SCIA                  00007200   00000010  00000010  00000000  RWIX
  SCIB                  00007210   00000010  00000010  00000000  RWIX
  SCIC                  00007220   00000010  00000010  00000000  RWIX
  SCID                  00007230   00000010  00000010  00000000  RWIX
  I2CA                  00007300   00000040  00000022  0000001e  RWIX
  I2CB                  00007340   00000040  00000022  0000001e  RWIX
  ADCA                  00007400   00000080  00000080  00000000  RWIX
  ADCB                  00007480   00000080  00000080  00000000  RWIX
  ADCC                  00007500   00000080  00000080  00000000  RWIX
  ADCD                  00007580   00000080  00000080  00000000  RWIX
  INPUT_XBAR            00007900   00000020  00000020  00000000  RWIX
  XBAR                  00007920   00000020  00000020  00000000  RWIX
  SYNC_SOC              00007940   00000010  00000006  0000000a  RWIX
  DMACLASRCSEL          00007980   00000040  0000001a  00000026  RWIX
  EPWM_XBAR             00007a00   00000040  00000040  00000000  RWIX
  CLB_XBAR              00007a40   00000040  00000000  00000040  RWIX
  OUTPUT_XBAR           00007a80   00000040  00000040  00000000  RWIX
  GPIOCTRL              00007c00   00000180  00000180  00000000  RWIX
  GPIODAT               00007f00   00000030  00000030  00000000  RWIX
  RAMLS5                0000a800   00000800  0000014a  000006b6  RWIX
  RAMD1                 0000b800   00000800  00000000  00000800  RWIX
  RAMGS0                0000c000   00001000  00000000  00001000  RWIX
  RAMGS1                0000d000   00001000  00000000  00001000  RWIX
  RAMGS2                0000e000   00001000  00000000  00001000  RWIX
  RAMGS3                0000f000   00001000  00000000  00001000  RWIX
  RAMGS4                00010000   00001000  00000000  00001000  RWIX
  RAMGS5                00011000   00001000  00000000  00001000  RWIX
  RAMGS6                00012000   00001000  00000000  00001000  RWIX
  RAMGS7                00013000   00001000  00000000  00001000  RWIX
  RAMGS8                00014000   00001000  00000000  00001000  RWIX
  RAMGS9                00015000   00001000  00000000  00001000  RWIX
  RAMGS10               00016000   00001000  00000000  00001000  RWIX
  RAMGS11               00017000   00001000  00000000  00001000  RWIX
  EMIF1                 00047000   00000800  00000070  00000790  RWIX
  EMIF2                 00047800   00000800  00000070  00000790  RWIX
  CANA                  00048000   00000800  00000000  00000800  RWIX
  CANB                  0004a000   00000800  00000000  00000800  RWIX
  FLASHPUMPSEMAPHORE    00050024   00000002  00000002  00000000  RWIX
  DEV_CFG               0005d000   00000180  0000012e  00000052  RWIX
  ANALOG_SUBSYS         0005d180   00000080  00000048  00000038  RWIX
  CLK_CFG               0005d200   00000100  00000032  000000ce  RWIX
  CPU_SYS               0005d300   00000100  00000082  0000007e  RWIX
  ROMPREFETCH           0005e608   00000002  00000002  00000000  RWIX
  DCSM_Z1               0005f000   00000030  00000024  0000000c  RWIX
  DCSM_Z2               0005f040   00000030  00000024  0000000c  RWIX
  DCSM_COMMON           0005f070   00000010  00000008  00000008  RWIX
  MEMCFG                0005f400   00000080  00000080  00000000  RWIX
  EMIF1CONFIG           0005f480   00000020  00000020  00000000  RWIX
  EMIF2CONFIG           0005f4a0   00000020  00000020  00000000  RWIX
  ACCESSPROTECTION      0005f4c0   00000040  00000040  00000000  RWIX
  MEMORYERROR           0005f500   00000040  00000040  00000000  RWIX
  ROMWAITSTATE          0005f540   00000002  00000002  00000000  RWIX
  FLASH0_CTRL           0005f800   00000300  00000182  0000017e  RWIX
  FLASH0_ECC            0005fb00   00000040  00000028  00000018  RWIX
  FLASH1_CTRL           0005fc00   00000300  00000182  0000017e  RWIX
  FLASH1_ECC            0005ff00   00000040  00000028  00000018  RWIX
  DCSM_Z1_OTP           00078000   00000020  00000020  00000000  RWIX
  DCSM_Z2_OTP           00078200   00000020  00000020  00000000  RWIX


SECTION ALLOCATION MAP

 output                                  attributes/
section   page    origin      length       input sections
--------  ----  ----------  ----------   ----------------
codestart 
*          0    00080000    00000002     
                  00080000    00000002     F2837xS_CodeStartBranch.obj (codestart)

.cinit     0    00082000    00000063     
                  00082000    00000049     ClimbRobot_28377.obj (.cinit)
                  00082049    0000000e     rts2800_ml.lib : exit.obj (.cinit)
                  00082057    00000005                    : _lock.obj (.cinit:__lock)
                  0008205c    00000005                    : _lock.obj (.cinit:__unlock)
                  00082061    00000002     --HOLE-- [fill = 0]

.pinit     0    00082000    00000000     UNINITIALIZED

.TI.ramfunc 
*          0    00086000    00000072     RUN ADDR = 00008000
                  00086000    0000006e     F2837xS_SysCtrl.obj (.TI.ramfunc)
                  0008606e    00000004     F2837xS_usDelay.obj (.TI.ramfunc)

.stack     1    00000400    00000400     UNINITIALIZED
                  00000400    00000400     --HOLE--

.reset     0    003fffc0    00000002     DSECT
                  003fffc0    00000002     rts2800_ml.lib : boot.obj (.reset)

.text      0    00082064    00001282     
                  00082064    000004fd     ClimbRobot_28377.obj (.text)
                  00082561    00000345     F2837xS_SysCtrl.obj (.text)
                  000828a6    000002c1     F2837xS_DefaultISR.obj (.text:retain)
                  00082b67    00000244     F2837xS_Gpio.obj (.text)
                  00082dab    000000fd     F2837xS_EPwm.obj (.text)
                  00082ea8    000000dd     F2837xS_Adc.obj (.text)
                  00082f85    00000083     rts2800_ml.lib : fs_div.obj (.text)
                  00083008    00000078                    : fs_add.obj (.text)
                  00083080    0000005d     ClimbRobot_28377.obj (.text:retain)
                  000830dd    0000005a     rts2800_ml.lib : fs_mpy.obj (.text)
                  00083137    00000054                    : boot.obj (.text)
                  0008318b    00000046                    : cpy_tbl.obj (.text)
                  000831d1    00000029                    : exit.obj (.text)
                  000831fa    00000028     F2837xS_PieCtrl.obj (.text)
                  00083222    00000026     F2837xS_PieVect.obj (.text)
                  00083248    0000001d     rts2800_ml.lib : fs_tou.obj (.text)
                  00083265    0000001d                    : memcpy.obj (.text)
                  00083282    0000001a                    : cpy_utils.obj (.text)
                  0008329c    0000001a                    : i_tofs.obj (.text)
                  000832b6    00000019                    : args_main.obj (.text)
                  000832cf    0000000b                    : u_div.obj (.text)
                  000832da    00000009                    : _lock.obj (.text)
                  000832e3    00000002                    : pre_init.obj (.text)
                  000832e5    00000001                    : startup.obj (.text)

.econst    0    00090000    00000232     
                  00090000    000001c0     F2837xS_PieVect.obj (.econst:_PieVectTableInit)
                  000901c0    00000072     ClimbRobot_28377.obj (.econst:.string)

AdcaResultFile 
*          1    00000b00    00000018     UNINITIALIZED
                  00000b00    00000018     F2837xS_GlobalVariableDefs.obj (AdcaResultFile)

AdcbResultFile 
*          1    00000b20    00000018     UNINITIALIZED
                  00000b20    00000018     F2837xS_GlobalVariableDefs.obj (AdcbResultFile)

AdccResultFile 
*          1    00000b40    00000018     UNINITIALIZED
                  00000b40    00000018     F2837xS_GlobalVariableDefs.obj (AdccResultFile)

AdcdResultFile 
*          1    00000b60    00000018     UNINITIALIZED
                  00000b60    00000018     F2837xS_GlobalVariableDefs.obj (AdcdResultFile)

CpuTimer0RegsFile 
*          1    00000c00    00000008     UNINITIALIZED
                  00000c00    00000008     F2837xS_GlobalVariableDefs.obj (CpuTimer0RegsFile)

CpuTimer1RegsFile 
*          1    00000c08    00000008     UNINITIALIZED
                  00000c08    00000008     F2837xS_GlobalVariableDefs.obj (CpuTimer1RegsFile)

CpuTimer2RegsFile 
*          1    00000c10    00000008     UNINITIALIZED
                  00000c10    00000008     F2837xS_GlobalVariableDefs.obj (CpuTimer2RegsFile)

PieCtrlRegsFile 
*          1    00000ce0    0000001a     UNINITIALIZED
                  00000ce0    0000001a     F2837xS_GlobalVariableDefs.obj (PieCtrlRegsFile)

PieVectTableFile 
*          1    00000d00    000001c0     UNINITIALIZED
                  00000d00    000001c0     F2837xS_GlobalVariableDefs.obj (PieVectTableFile)

EmuKeyVar 
*          1    00000d00    00000001     UNINITIALIZED
                  00000d00    00000001     F2837xS_GlobalVariableDefs.obj (EmuKeyVar)

EmuBModeVar 
*          1    00000d01    00000001     UNINITIALIZED
                  00000d01    00000001     F2837xS_GlobalVariableDefs.obj (EmuBModeVar)

FlashCallbackVar 
*          1    00000d02    00000000     UNINITIALIZED

FlashScalingVar 
*          1    00000d02    00000000     UNINITIALIZED

DmaRegsFile 
*          1    00001000    000000e0     UNINITIALIZED
                  00001000    000000e0     F2837xS_GlobalVariableDefs.obj (DmaRegsFile)

Cla1RegsFile 
*          1    00001400    0000003e     UNINITIALIZED
                  00001400    0000003e     F2837xS_GlobalVariableDefs.obj (Cla1RegsFile)

EPwm1RegsFile 
*          1    00004000    00000100     UNINITIALIZED
                  00004000    00000100     F2837xS_GlobalVariableDefs.obj (EPwm1RegsFile)

EPwm2RegsFile 
*          1    00004100    00000100     UNINITIALIZED
                  00004100    00000100     F2837xS_GlobalVariableDefs.obj (EPwm2RegsFile)

EPwm3RegsFile 
*          1    00004200    00000100     UNINITIALIZED
                  00004200    00000100     F2837xS_GlobalVariableDefs.obj (EPwm3RegsFile)

EPwm4RegsFile 
*          1    00004300    00000100     UNINITIALIZED
                  00004300    00000100     F2837xS_GlobalVariableDefs.obj (EPwm4RegsFile)

EPwm5RegsFile 
*          1    00004400    00000100     UNINITIALIZED
                  00004400    00000100     F2837xS_GlobalVariableDefs.obj (EPwm5RegsFile)

EPwm6RegsFile 
*          1    00004500    00000100     UNINITIALIZED
                  00004500    00000100     F2837xS_GlobalVariableDefs.obj (EPwm6RegsFile)

EPwm7RegsFile 
*          1    00004600    00000100     UNINITIALIZED
                  00004600    00000100     F2837xS_GlobalVariableDefs.obj (EPwm7RegsFile)

EPwm8RegsFile 
*          1    00004700    00000100     UNINITIALIZED
                  00004700    00000100     F2837xS_GlobalVariableDefs.obj (EPwm8RegsFile)

EPwm9RegsFile 
*          1    00004800    00000100     UNINITIALIZED
                  00004800    00000100     F2837xS_GlobalVariableDefs.obj (EPwm9RegsFile)

EPwm10RegsFile 
*          1    00004900    00000100     UNINITIALIZED
                  00004900    00000100     F2837xS_GlobalVariableDefs.obj (EPwm10RegsFile)

EPwm11RegsFile 
*          1    00004a00    00000100     UNINITIALIZED
                  00004a00    00000100     F2837xS_GlobalVariableDefs.obj (EPwm11RegsFile)

EPwm12RegsFile 
*          1    00004b00    00000100     UNINITIALIZED
                  00004b00    00000100     F2837xS_GlobalVariableDefs.obj (EPwm12RegsFile)

ECap1RegsFile 
*          1    00005000    00000020     UNINITIALIZED
                  00005000    00000020     F2837xS_GlobalVariableDefs.obj (ECap1RegsFile)

ECap2RegsFile 
*          1    00005020    00000020     UNINITIALIZED
                  00005020    00000020     F2837xS_GlobalVariableDefs.obj (ECap2RegsFile)

ECap3RegsFile 
*          1    00005040    00000020     UNINITIALIZED
                  00005040    00000020     F2837xS_GlobalVariableDefs.obj (ECap3RegsFile)

ECap4RegsFile 
*          1    00005060    00000020     UNINITIALIZED
                  00005060    00000020     F2837xS_GlobalVariableDefs.obj (ECap4RegsFile)

ECap5RegsFile 
*          1    00005080    00000020     UNINITIALIZED
                  00005080    00000020     F2837xS_GlobalVariableDefs.obj (ECap5RegsFile)

ECap6RegsFile 
*          1    000050a0    00000020     UNINITIALIZED
                  000050a0    00000020     F2837xS_GlobalVariableDefs.obj (ECap6RegsFile)

EQep1RegsFile 
*          1    00005100    00000022     UNINITIALIZED
                  00005100    00000022     F2837xS_GlobalVariableDefs.obj (EQep1RegsFile)

EQep2RegsFile 
*          1    00005140    00000022     UNINITIALIZED
                  00005140    00000022     F2837xS_GlobalVariableDefs.obj (EQep2RegsFile)

EQep3RegsFile 
*          1    00005180    00000022     UNINITIALIZED
                  00005180    00000022     F2837xS_GlobalVariableDefs.obj (EQep3RegsFile)

DacaRegsFile 
*          1    00005c00    00000008     UNINITIALIZED
                  00005c00    00000008     F2837xS_GlobalVariableDefs.obj (DacaRegsFile)

DacbRegsFile 
*          1    00005c10    00000008     UNINITIALIZED
                  00005c10    00000008     F2837xS_GlobalVariableDefs.obj (DacbRegsFile)

DaccRegsFile 
*          1    00005c20    00000008     UNINITIALIZED
                  00005c20    00000008     F2837xS_GlobalVariableDefs.obj (DaccRegsFile)

Cmpss1RegsFile 
*          1    00005c80    00000020     UNINITIALIZED
                  00005c80    00000020     F2837xS_GlobalVariableDefs.obj (Cmpss1RegsFile)

Cmpss2RegsFile 
*          1    00005ca0    00000020     UNINITIALIZED
                  00005ca0    00000020     F2837xS_GlobalVariableDefs.obj (Cmpss2RegsFile)

Cmpss3RegsFile 
*          1    00005cc0    00000020     UNINITIALIZED
                  00005cc0    00000020     F2837xS_GlobalVariableDefs.obj (Cmpss3RegsFile)

Cmpss4RegsFile 
*          1    00005ce0    00000020     UNINITIALIZED
                  00005ce0    00000020     F2837xS_GlobalVariableDefs.obj (Cmpss4RegsFile)

Cmpss5RegsFile 
*          1    00005d00    00000020     UNINITIALIZED
                  00005d00    00000020     F2837xS_GlobalVariableDefs.obj (Cmpss5RegsFile)

Cmpss6RegsFile 
*          1    00005d20    00000020     UNINITIALIZED
                  00005d20    00000020     F2837xS_GlobalVariableDefs.obj (Cmpss6RegsFile)

Cmpss7RegsFile 
*          1    00005d40    00000020     UNINITIALIZED
                  00005d40    00000020     F2837xS_GlobalVariableDefs.obj (Cmpss7RegsFile)

Cmpss8RegsFile 
*          1    00005d60    00000020     UNINITIALIZED
                  00005d60    00000020     F2837xS_GlobalVariableDefs.obj (Cmpss8RegsFile)

AdcaRegsFile 
*          1    00007400    00000080     UNINITIALIZED
                  00007400    00000080     F2837xS_GlobalVariableDefs.obj (AdcaRegsFile)

AdcbRegsFile 
*          1    00007480    00000080     UNINITIALIZED
                  00007480    00000080     F2837xS_GlobalVariableDefs.obj (AdcbRegsFile)

AdccRegsFile 
*          1    00007500    00000080     UNINITIALIZED
                  00007500    00000080     F2837xS_GlobalVariableDefs.obj (AdccRegsFile)

AdcdRegsFile 
*          1    00007580    00000080     UNINITIALIZED
                  00007580    00000080     F2837xS_GlobalVariableDefs.obj (AdcdRegsFile)

AnalogSubsysRegsFile 
*          1    0005d180    00000048     UNINITIALIZED
                  0005d180    00000048     F2837xS_GlobalVariableDefs.obj (AnalogSubsysRegsFile)

Cla1SoftIntRegsFile 
*          1    00000ce0    00000004     DSECT
                  00000ce0    00000004     F2837xS_GlobalVariableDefs.obj (Cla1SoftIntRegsFile)

Sdfm1RegsFile 
*          1    00005e00    00000080     UNINITIALIZED
                  00005e00    00000080     F2837xS_GlobalVariableDefs.obj (Sdfm1RegsFile)

Sdfm2RegsFile 
*          1    00005e80    00000080     UNINITIALIZED
                  00005e80    00000080     F2837xS_GlobalVariableDefs.obj (Sdfm2RegsFile)

McbspaRegsFile 
*          1    00006000    00000024     UNINITIALIZED
                  00006000    00000024     F2837xS_GlobalVariableDefs.obj (McbspaRegsFile)

McbspbRegsFile 
*          1    00006040    00000024     UNINITIALIZED
                  00006040    00000024     F2837xS_GlobalVariableDefs.obj (McbspbRegsFile)

SpiaRegsFile 
*          1    00006100    00000010     UNINITIALIZED
                  00006100    00000010     F2837xS_GlobalVariableDefs.obj (SpiaRegsFile)

SpibRegsFile 
*          1    00006110    00000010     UNINITIALIZED
                  00006110    00000010     F2837xS_GlobalVariableDefs.obj (SpibRegsFile)

SpicRegsFile 
*          1    00006120    00000010     UNINITIALIZED
                  00006120    00000010     F2837xS_GlobalVariableDefs.obj (SpicRegsFile)

UppRegsFile 
*          1    00006200    00000048     UNINITIALIZED
                  00006200    00000048     F2837xS_GlobalVariableDefs.obj (UppRegsFile)

WdRegsFile 
*          1    00007000    0000002b     UNINITIALIZED
                  00007000    0000002b     F2837xS_GlobalVariableDefs.obj (WdRegsFile)

NmiIntruptRegsFile 
*          1    00007060    00000007     UNINITIALIZED
                  00007060    00000007     F2837xS_GlobalVariableDefs.obj (NmiIntruptRegsFile)

XintRegsFile 
*          1    00007070    0000000b     UNINITIALIZED
                  00007070    0000000b     F2837xS_GlobalVariableDefs.obj (XintRegsFile)

SciaRegsFile 
*          1    00007200    00000010     UNINITIALIZED
                  00007200    00000010     F2837xS_GlobalVariableDefs.obj (SciaRegsFile)

ScibRegsFile 
*          1    00007210    00000010     UNINITIALIZED
                  00007210    00000010     F2837xS_GlobalVariableDefs.obj (ScibRegsFile)

ScicRegsFile 
*          1    00007220    00000010     UNINITIALIZED
                  00007220    00000010     F2837xS_GlobalVariableDefs.obj (ScicRegsFile)

ScidRegsFile 
*          1    00007230    00000010     UNINITIALIZED
                  00007230    00000010     F2837xS_GlobalVariableDefs.obj (ScidRegsFile)

I2caRegsFile 
*          1    00007300    00000022     UNINITIALIZED
                  00007300    00000022     F2837xS_GlobalVariableDefs.obj (I2caRegsFile)

I2cbRegsFile 
*          1    00007340    00000022     UNINITIALIZED
                  00007340    00000022     F2837xS_GlobalVariableDefs.obj (I2cbRegsFile)

InputXbarRegsFile 
*          1    00007900    00000020     UNINITIALIZED
                  00007900    00000020     F2837xS_GlobalVariableDefs.obj (InputXbarRegsFile)

XbarRegsFile 
*          1    00007920    00000020     UNINITIALIZED
                  00007920    00000020     F2837xS_GlobalVariableDefs.obj (XbarRegsFile)

SyncSocRegsFile 
*          1    00007940    00000006     UNINITIALIZED
                  00007940    00000006     F2837xS_GlobalVariableDefs.obj (SyncSocRegsFile)

DmaClaSrcSelRegsFile 
*          1    00007980    0000001a     UNINITIALIZED
                  00007980    0000001a     F2837xS_GlobalVariableDefs.obj (DmaClaSrcSelRegsFile)

EPwmXbarRegsFile 
*          1    00007a00    00000040     UNINITIALIZED
                  00007a00    00000040     F2837xS_GlobalVariableDefs.obj (EPwmXbarRegsFile)

OutputXbarRegsFile 
*          1    00007a80    00000040     UNINITIALIZED
                  00007a80    00000040     F2837xS_GlobalVariableDefs.obj (OutputXbarRegsFile)

GpioCtrlRegsFile 
*          1    00007c00    00000180     UNINITIALIZED
                  00007c00    00000180     F2837xS_GlobalVariableDefs.obj (GpioCtrlRegsFile)

GpioDataRegsFile 
*          1    00007f00    00000030     UNINITIALIZED
                  00007f00    00000030     F2837xS_GlobalVariableDefs.obj (GpioDataRegsFile)

.ebss      1    0000a800    0000014a     UNINITIALIZED
                  0000a800    00000140     ClimbRobot_28377.obj (.ebss)
                  0000a940    00000006     rts2800_ml.lib : exit.obj (.ebss)
                  0000a946    00000002                    : _lock.obj (.ebss:__lock)
                  0000a948    00000002                    : _lock.obj (.ebss:__unlock)

Emif1RegsFile 
*          1    00047000    00000070     UNINITIALIZED
                  00047000    00000070     F2837xS_GlobalVariableDefs.obj (Emif1RegsFile)

Emif2RegsFile 
*          1    00047800    00000070     UNINITIALIZED
                  00047800    00000070     F2837xS_GlobalVariableDefs.obj (Emif2RegsFile)

FlashPumpSemaphoreRegsFile 
*          1    00050024    00000002     UNINITIALIZED
                  00050024    00000002     F2837xS_GlobalVariableDefs.obj (FlashPumpSemaphoreRegsFile)

DevCfgRegsFile 
*          1    0005d000    0000012e     UNINITIALIZED
                  0005d000    0000012e     F2837xS_GlobalVariableDefs.obj (DevCfgRegsFile)

ClkCfgRegsFile 
*          1    0005d200    00000032     UNINITIALIZED
                  0005d200    00000032     F2837xS_GlobalVariableDefs.obj (ClkCfgRegsFile)

CpuSysRegsFile 
*          1    0005d300    00000082     UNINITIALIZED
                  0005d300    00000082     F2837xS_GlobalVariableDefs.obj (CpuSysRegsFile)

RomPrefetchRegsFile 
*          1    0005e608    00000002     UNINITIALIZED
                  0005e608    00000002     F2837xS_GlobalVariableDefs.obj (RomPrefetchRegsFile)

DcsmZ1RegsFile 
*          1    0005f000    00000024     UNINITIALIZED
                  0005f000    00000024     F2837xS_GlobalVariableDefs.obj (DcsmZ1RegsFile)

DcsmZ2RegsFile 
*          1    0005f040    00000024     UNINITIALIZED
                  0005f040    00000024     F2837xS_GlobalVariableDefs.obj (DcsmZ2RegsFile)

DcsmCommonRegsFile 
*          1    0005f070    00000008     UNINITIALIZED
                  0005f070    00000008     F2837xS_GlobalVariableDefs.obj (DcsmCommonRegsFile)

MemCfgRegsFile 
*          1    0005f400    00000080     UNINITIALIZED
                  0005f400    00000080     F2837xS_GlobalVariableDefs.obj (MemCfgRegsFile)

Emif1ConfigRegsFile 
*          1    0005f480    00000020     UNINITIALIZED
                  0005f480    00000020     F2837xS_GlobalVariableDefs.obj (Emif1ConfigRegsFile)

Emif2ConfigRegsFile 
*          1    0005f4a0    00000020     UNINITIALIZED
                  0005f4a0    00000020     F2837xS_GlobalVariableDefs.obj (Emif2ConfigRegsFile)

AccessProtectionRegsFile 
*          1    0005f4c0    00000040     UNINITIALIZED
                  0005f4c0    00000040     F2837xS_GlobalVariableDefs.obj (AccessProtectionRegsFile)

MemoryErrorRegsFile 
*          1    0005f500    00000040     UNINITIALIZED
                  0005f500    00000040     F2837xS_GlobalVariableDefs.obj (MemoryErrorRegsFile)

RomWaitStateRegsFile 
*          1    0005f540    00000002     UNINITIALIZED
                  0005f540    00000002     F2837xS_GlobalVariableDefs.obj (RomWaitStateRegsFile)

Flash0CtrlRegsFile 
*          1    0005f800    00000182     UNINITIALIZED
                  0005f800    00000182     F2837xS_GlobalVariableDefs.obj (Flash0CtrlRegsFile)

Flash0EccRegsFile 
*          1    0005fb00    00000028     UNINITIALIZED
                  0005fb00    00000028     F2837xS_GlobalVariableDefs.obj (Flash0EccRegsFile)

Flash1CtrlRegsFile 
*          1    0005fc00    00000182     UNINITIALIZED
                  0005fc00    00000182     F2837xS_GlobalVariableDefs.obj (Flash1CtrlRegsFile)

Flash1EccRegsFile 
*          1    0005ff00    00000028     UNINITIALIZED
                  0005ff00    00000028     F2837xS_GlobalVariableDefs.obj (Flash1EccRegsFile)

DcsmZ1OtpFile 
*          1    00078000    00000020     NOLOAD SECTION
                  00078000    00000020     F2837xS_GlobalVariableDefs.obj (DcsmZ1OtpFile)

DcsmZ2OtpFile 
*          1    00078200    00000020     NOLOAD SECTION
                  00078200    00000020     F2837xS_GlobalVariableDefs.obj (DcsmZ2OtpFile)

MODULE SUMMARY

       Module                           code   ro data   rw data
       ------                           ----   -------   -------
    .\
       F2837xS_GlobalVariableDefs.obj   0      0         8437   
       ClimbRobot_28377.obj             1370   0         507    
       F2837xS_SysCtrl.obj              1057   0         0      
       F2837xS_DefaultISR.obj           705    0         0      
       F2837xS_Gpio.obj                 580    0         0      
       F2837xS_PieVect.obj              38     0         448    
       F2837xS_EPwm.obj                 253    0         0      
       F2837xS_Adc.obj                  221    0         0      
       F2837xS_PieCtrl.obj              40     0         0      
       F2837xS_usDelay.obj              8      0         0      
       F2837xS_CodeStartBranch.obj      2      0         0      
    +--+--------------------------------+------+---------+---------+
       Total:                           4274   0         9392   
                                                                
    C:\ti\ccsv6\tools\compiler\c2000_15.12.3.LTS\lib\rts2800_ml.lib
       fs_div.obj                       131    0         0      
       fs_add.obj                       120    0         0      
       fs_mpy.obj                       90     0         0      
       boot.obj                         84     0         0      
       cpy_tbl.obj                      70     0         0      
       exit.obj                         41     0         20     
       fs_tou.obj                       29     0         0      
       memcpy.obj                       29     0         0      
       cpy_utils.obj                    26     0         0      
       i_tofs.obj                       26     0         0      
       args_main.obj                    25     0         0      
       _lock.obj                        9      0         14     
       u_div.obj                        11     0         0      
       pre_init.obj                     2      0         0      
       startup.obj                      1      0         0      
    +--+--------------------------------+------+---------+---------+
       Total:                           694    0         34     
                                                                
       Stack:                           0      0         1024   
    +--+--------------------------------+------+---------+---------+
       Grand Total:                     4968   0         10450  


GLOBAL DATA SYMBOLS: SORTED BY DATA PAGE

address     data page           name
--------    ----------------    ----
00000400      10 (00000400)     __stack

00000b00      2c (00000b00)     _AdcaResultRegs
00000b20      2c (00000b00)     _AdcbResultRegs

00000b40      2d (00000b40)     _AdccResultRegs
00000b60      2d (00000b40)     _AdcdResultRegs

00000c00      30 (00000c00)     _CpuTimer0Regs
00000c08      30 (00000c00)     _CpuTimer1Regs
00000c10      30 (00000c00)     _CpuTimer2Regs

00000ce0      33 (00000cc0)     _Cla1SoftIntRegs
00000ce0      33 (00000cc0)     _PieCtrlRegs

00000d00      34 (00000d00)     _EmuKey
00000d00      34 (00000d00)     _PieVectTable
00000d01      34 (00000d00)     _EmuBMode

00001000      40 (00001000)     _DmaRegs

00001400      50 (00001400)     _Cla1Regs

00004000     100 (00004000)     _EPwm1Regs

00004100     104 (00004100)     _EPwm2Regs

00004200     108 (00004200)     _EPwm3Regs

00004300     10c (00004300)     _EPwm4Regs

00004400     110 (00004400)     _EPwm5Regs

00004500     114 (00004500)     _EPwm6Regs

00004600     118 (00004600)     _EPwm7Regs

00004700     11c (00004700)     _EPwm8Regs

00004800     120 (00004800)     _EPwm9Regs

00004900     124 (00004900)     _EPwm10Regs

00004a00     128 (00004a00)     _EPwm11Regs

00004b00     12c (00004b00)     _EPwm12Regs

00005000     140 (00005000)     _ECap1Regs
00005020     140 (00005000)     _ECap2Regs

00005040     141 (00005040)     _ECap3Regs
00005060     141 (00005040)     _ECap4Regs

00005080     142 (00005080)     _ECap5Regs
000050a0     142 (00005080)     _ECap6Regs

00005100     144 (00005100)     _EQep1Regs

00005140     145 (00005140)     _EQep2Regs

00005180     146 (00005180)     _EQep3Regs

00005c00     170 (00005c00)     _DacaRegs
00005c10     170 (00005c00)     _DacbRegs
00005c20     170 (00005c00)     _DaccRegs

00005c80     172 (00005c80)     _Cmpss1Regs
00005ca0     172 (00005c80)     _Cmpss2Regs

00005cc0     173 (00005cc0)     _Cmpss3Regs
00005ce0     173 (00005cc0)     _Cmpss4Regs

00005d00     174 (00005d00)     _Cmpss5Regs
00005d20     174 (00005d00)     _Cmpss6Regs

00005d40     175 (00005d40)     _Cmpss7Regs
00005d60     175 (00005d40)     _Cmpss8Regs

00005e00     178 (00005e00)     _Sdfm1Regs

00005e80     17a (00005e80)     _Sdfm2Regs

00006000     180 (00006000)     _McbspaRegs

00006040     181 (00006040)     _McbspbRegs

00006100     184 (00006100)     _SpiaRegs
00006110     184 (00006100)     _SpibRegs
00006120     184 (00006100)     _SpicRegs

00006200     188 (00006200)     _UppRegs

00007000     1c0 (00007000)     _WdRegs

00007060     1c1 (00007040)     _NmiIntruptRegs
00007070     1c1 (00007040)     _XintRegs

00007200     1c8 (00007200)     _SciaRegs
00007210     1c8 (00007200)     _ScibRegs
00007220     1c8 (00007200)     _ScicRegs
00007230     1c8 (00007200)     _ScidRegs

00007300     1cc (00007300)     _I2caRegs

00007340     1cd (00007340)     _I2cbRegs

00007400     1d0 (00007400)     _AdcaRegs

00007480     1d2 (00007480)     _AdcbRegs

00007500     1d4 (00007500)     _AdccRegs

00007580     1d6 (00007580)     _AdcdRegs

00007900     1e4 (00007900)     _InputXbarRegs
00007920     1e4 (00007900)     _XbarRegs

00007940     1e5 (00007940)     _SyncSocRegs

00007980     1e6 (00007980)     _DmaClaSrcSelRegs

00007a00     1e8 (00007a00)     _EPwmXbarRegs

00007a80     1ea (00007a80)     _OutputXbarRegs

00007c00     1f0 (00007c00)     _GpioCtrlRegs

00007f00     1fc (00007f00)     _GpioDataRegs

0000a800     2a0 (0000a800)     _operator
0000a801     2a0 (0000a800)     _pre_state
0000a802     2a0 (0000a800)     _state
0000a803     2a0 (0000a800)     _resultsIndex
0000a804     2a0 (0000a800)     _EPwm1TimerIntCount
0000a805     2a0 (0000a800)     _bufferFull
0000a806     2a0 (0000a800)     _sendstate
0000a807     2a0 (0000a800)     _emmergency
0000a808     2a0 (0000a800)     _pre_operator
0000a80a     2a0 (0000a800)     _P
0000a80c     2a0 (0000a800)     _EPwm_CMP
0000a80e     2a0 (0000a800)     _Pc
0000a810     2a0 (0000a800)     _G
0000a812     2a0 (0000a800)     _varVolt
0000a814     2a0 (0000a800)     _Zp
0000a816     2a0 (0000a800)     _Xe
0000a818     2a0 (0000a800)     _varProcess
0000a81a     2a0 (0000a800)     _Xp
0000a81c     2a0 (0000a800)     _epwm9_info
0000a824     2a0 (0000a800)     _epwm8_info
0000a82c     2a0 (0000a800)     _epwm7_info
0000a834     2a0 (0000a800)     _msg_rec

0000a840     2a1 (0000a840)     _AdcaResults

0000a940     2a5 (0000a940)     ___TI_enable_exit_profile_output
0000a942     2a5 (0000a940)     ___TI_cleanup_ptr
0000a944     2a5 (0000a940)     ___TI_dtors_ptr
0000a946     2a5 (0000a940)     __lock
0000a948     2a5 (0000a940)     __unlock

00047000    11c0 (00047000)     _Emif1Regs

00047800    11e0 (00047800)     _Emif2Regs

00050024    1400 (00050000)     _FlashPumpSemaphoreRegs

0005d000    1740 (0005d000)     _DevCfgRegs

0005d180    1746 (0005d180)     _AnalogSubsysRegs

0005d200    1748 (0005d200)     _ClkCfgRegs

0005d300    174c (0005d300)     _CpuSysRegs

0005e608    1798 (0005e600)     _RomPrefetchRegs

0005f000    17c0 (0005f000)     _DcsmZ1Regs

0005f040    17c1 (0005f040)     _DcsmZ2Regs
0005f070    17c1 (0005f040)     _DcsmCommonRegs

0005f400    17d0 (0005f400)     _MemCfgRegs

0005f480    17d2 (0005f480)     _Emif1ConfigRegs
0005f4a0    17d2 (0005f480)     _Emif2ConfigRegs

0005f4c0    17d3 (0005f4c0)     _AccessProtectionRegs

0005f500    17d4 (0005f500)     _MemoryErrorRegs

0005f540    17d5 (0005f540)     _RomWaitStateRegs

0005f800    17e0 (0005f800)     _Flash0CtrlRegs

0005fb00    17ec (0005fb00)     _Flash0EccRegs

0005fc00    17f0 (0005fc00)     _Flash1CtrlRegs

0005ff00    17fc (0005ff00)     _Flash1EccRegs

00078000    1e00 (00078000)     _DcsmZ1Otp

00078200    1e08 (00078200)     _DcsmZ2Otp

00090000    2400 (00090000)     _PieVectTableInit


GLOBAL SYMBOLS: SORTED ALPHABETICALLY BY Name 

page  address   name                                  
----  -------   ----                                  
abs   ffffffff  .text                                 
0     000831d1  C$$EXIT                               
0     0008300d  FS$$ADD                               
0     00082f85  FS$$DIV                               
0     000830dd  FS$$MPY                               
0     00083008  FS$$SUB                               
0     00083248  FS$$TOU                               
0     0008329c  I$$TOFS                               
0     000832cf  U$$DIV                                
0     000832d4  U$$MOD                                
0     00082905  _ADCA1_ISR                            
0     00082a45  _ADCA2_ISR                            
0     00082a4a  _ADCA3_ISR                            
0     00082a4f  _ADCA4_ISR                            
0     00082a40  _ADCA_EVT_ISR                         
0     0008290a  _ADCB1_ISR                            
0     00082a59  _ADCB2_ISR                            
0     00082a5e  _ADCB3_ISR                            
0     00082a63  _ADCB4_ISR                            
0     00082a54  _ADCB_EVT_ISR                         
0     0008290f  _ADCC1_ISR                            
0     00082b0d  _ADCC2_ISR                            
0     00082b12  _ADCC3_ISR                            
0     00082b17  _ADCC4_ISR                            
0     00082b08  _ADCC_EVT_ISR                         
0     0008291e  _ADCD1_ISR                            
0     00082b21  _ADCD2_ISR                            
0     00082b26  _ADCD3_ISR                            
0     00082b2b  _ADCD4_ISR                            
0     00082b1c  _ADCD_EVT_ISR                         
0     00082b49  _AUX_PLL_SLIP_ISR                     
1     0005f4c0  _AccessProtectionRegs                 
0     00082ea8  _AdcSetMode                           
1     00007400  _AdcaRegs                             
1     00000b00  _AdcaResultRegs                       
1     0000a840  _AdcaResults                          
1     00007480  _AdcbRegs                             
1     00000b20  _AdcbResultRegs                       
1     00007500  _AdccRegs                             
1     00000b40  _AdccResultRegs                       
1     00007580  _AdcdRegs                             
1     00000b60  _AdcdResultRegs                       
1     0005d180  _AnalogSubsysRegs                     
0     00082863  _AuxAuxClkSel                         
0     0008284d  _AuxIntOsc2Sel                        
0     00082857  _AuxXtalOscSel                        
0     00082a2c  _CANA0_ISR                            
0     00082a31  _CANA1_ISR                            
0     00082a36  _CANB0_ISR                            
0     00082a3b  _CANB1_ISR                            
0     00082a68  _CLA1_1_ISR                           
0     00082a6d  _CLA1_2_ISR                           
0     00082a72  _CLA1_3_ISR                           
0     00082a77  _CLA1_4_ISR                           
0     00082a7c  _CLA1_5_ISR                           
0     00082a81  _CLA1_6_ISR                           
0     00082a86  _CLA1_7_ISR                           
0     00082a8b  _CLA1_8_ISR                           
0     00082b4e  _CLA_OVERFLOW_ISR                     
0     00082b53  _CLA_UNDERFLOW_ISR                    
0     00082f4b  _CalAdcINL                            
1     00001400  _Cla1Regs                             
0     00000ce0  _Cla1SoftIntRegs                      
1     0005d200  _ClkCfgRegs                           
1     00005c80  _Cmpss1Regs                           
1     00005ca0  _Cmpss2Regs                           
1     00005cc0  _Cmpss3Regs                           
1     00005ce0  _Cmpss4Regs                           
1     00005d00  _Cmpss5Regs                           
1     00005d20  _Cmpss6Regs                           
1     00005d40  _Cmpss7Regs                           
1     00005d60  _Cmpss8Regs                           
0     000824bd  _ConfigureADC                         
0     000824d8  _ConfigureEPWM                        
1     0005d300  _CpuSysRegs                           
1     00000c00  _CpuTimer0Regs                        
1     00000c08  _CpuTimer1Regs                        
1     00000c10  _CpuTimer2Regs                        
0     0008280c  _CsmUnlock                            
0     000828b0  _DATALOG_ISR                          
0     000829d2  _DMA_CH1_ISR                          
0     000829d7  _DMA_CH2_ISR                          
0     000829dc  _DMA_CH3_ISR                          
0     000829e1  _DMA_CH4_ISR                          
0     000829e6  _DMA_CH5_ISR                          
0     000829eb  _DMA_CH6_ISR                          
1     00005c00  _DacaRegs                             
1     00005c10  _DacbRegs                             
1     00005c20  _DaccRegs                             
1     0005f070  _DcsmCommonRegs                       
1     00078000  _DcsmZ1Otp                            
1     0005f000  _DcsmZ1Regs                           
1     00078200  _DcsmZ2Otp                            
1     0005f040  _DcsmZ2Regs                           
1     0005d000  _DevCfgRegs                           
0     00082670  _DisableDog                           
0     00082622  _DisablePeripheralClocks              
1     00007980  _DmaClaSrcSelRegs                     
1     00001000  _DmaRegs                              
0     0008297d  _ECAP1_ISR                            
0     00082982  _ECAP2_ISR                            
0     00082987  _ECAP3_ISR                            
0     0008298c  _ECAP4_ISR                            
0     00082991  _ECAP5_ISR                            
0     00082996  _ECAP6_ISR                            
1     00005000  _ECap1Regs                            
1     00005020  _ECap2Regs                            
1     00005040  _ECap3Regs                            
1     00005060  _ECap4Regs                            
1     00005080  _ECap5Regs                            
1     000050a0  _ECap6Regs                            
0     00082b30  _EMIF_ERROR_ISR                       
0     00082b5d  _EMPTY_ISR                            
0     000828ba  _EMU_ISR                              
0     00082adb  _EPWM10_ISR                           
0     00082ac7  _EPWM10_TZ_ISR                        
0     00082ae0  _EPWM11_ISR                           
0     00082acc  _EPWM11_TZ_ISR                        
0     00082ae5  _EPWM12_ISR                           
0     00082ad1  _EPWM12_TZ_ISR                        
0     00082955  _EPWM1_ISR                            
0     0008292d  _EPWM1_TZ_ISR                         
0     0008295a  _EPWM2_ISR                            
0     00082932  _EPWM2_TZ_ISR                         
0     0008295f  _EPWM3_ISR                            
0     00082937  _EPWM3_TZ_ISR                         
0     00082964  _EPWM4_ISR                            
0     0008293c  _EPWM4_TZ_ISR                         
0     00082969  _EPWM5_ISR                            
0     00082941  _EPWM5_TZ_ISR                         
0     0008296e  _EPWM6_ISR                            
0     00082946  _EPWM6_TZ_ISR                         
0     00082973  _EPWM7_ISR                            
0     0008294b  _EPWM7_TZ_ISR                         
0     00082978  _EPWM8_ISR                            
0     00082950  _EPWM8_TZ_ISR                         
0     00082ad6  _EPWM9_ISR                            
0     00082ac2  _EPWM9_TZ_ISR                         
1     00004900  _EPwm10Regs                           
1     00004a00  _EPwm11Regs                           
1     00004b00  _EPwm12Regs                           
1     00004000  _EPwm1Regs                            
1     0000a804  _EPwm1TimerIntCount                   
1     00004100  _EPwm2Regs                            
1     00004200  _EPwm3Regs                            
1     00004300  _EPwm4Regs                            
1     00004400  _EPwm5Regs                            
1     00004500  _EPwm6Regs                            
1     00004600  _EPwm7Regs                            
1     00004700  _EPwm8Regs                            
1     00004800  _EPwm9Regs                            
1     00007a00  _EPwmXbarRegs                         
1     0000a80c  _EPwm_CMP                             
0     0008299b  _EQEP1_ISR                            
0     000829a0  _EQEP2_ISR                            
0     000829a5  _EQEP3_ISR                            
1     00005100  _EQep1Regs                            
1     00005140  _EQep2Regs                            
1     00005180  _EQep3Regs                            
1     0005f480  _Emif1ConfigRegs                      
1     00047000  _Emif1Regs                            
1     0005f4a0  _Emif2ConfigRegs                      
1     00047800  _Emif2Regs                            
1     00000d01  _EmuBMode                             
1     00000d00  _EmuKey                               
0     00083219  _EnableInterrupts                     
0     0000806e  _F28x_usDelay                         
0     00082b3a  _FLASH_CORRECTABLE_ERROR_ISR          
0     00082aa4  _FPU_OVERFLOW_ISR                     
0     00082aa9  _FPU_UNDERFLOW_ISR                    
1     0005f800  _Flash0CtrlRegs                       
1     0005fb00  _Flash0EccRegs                        
1     0005fc00  _Flash1CtrlRegs                       
1     0005ff00  _Flash1EccRegs                        
0     00008052  _FlashOff_Bank0                       
0     00008060  _FlashOff_Bank1                       
1     00050024  _FlashPumpSemaphoreRegs               
1     0000a810  _G                                    
0     00082d60  _GPIO_EnableUnbondedIOPullups         
0     00082d3b  _GPIO_EnableUnbondedIOPullupsFor100Pin
0     00082d22  _GPIO_EnableUnbondedIOPullupsFor176Pin
0     00082d76  _GPIO_ReadPin                         
0     00082cc7  _GPIO_SetupLock                       
0     00082ba7  _GPIO_SetupPinMux                     
0     00082c33  _GPIO_SetupPinOptions                 
0     00082cf0  _GPIO_SetupXINT1Gpio                  
0     00082cfa  _GPIO_SetupXINT2Gpio                  
0     00082d04  _GPIO_SetupXINT3Gpio                  
0     00082d0e  _GPIO_SetupXINT4Gpio                  
0     00082d18  _GPIO_SetupXINT5Gpio                  
0     00082d8d  _GPIO_WritePin                        
1     00007c00  _GpioCtrlRegs                         
1     00007f00  _GpioDataRegs                         
0     00082881  _HALT                                 
0     00082892  _HIB                                  
0     000829f5  _I2CA_FIFO_ISR                        
0     000829f0  _I2CA_ISR                             
0     000829ff  _I2CB_FIFO_ISR                        
0     000829fa  _I2CB_ISR                             
1     00007300  _I2caRegs                             
1     00007340  _I2cbRegs                             
0     0008286d  _IDLE                                 
0     000828c4  _ILLEGAL_ISR                          
0     00082aae  _IPC0_ISR                             
0     00082ab3  _IPC1_ISR                             
0     00082ab8  _IPC2_ISR                             
0     00082abd  _IPC3_ISR                             
0     00082744  _InitAuxPll                           
0     00082e6e  _InitEPwm10Gpio                       
0     00082e81  _InitEPwm11Gpio                       
0     00082e95  _InitEPwm12Gpio                       
0     00082dc4  _InitEPwm1Gpio                        
0     00082dd6  _InitEPwm2Gpio                        
0     00082de8  _InitEPwm3Gpio                        
0     00082dfc  _InitEPwm4Gpio                        
0     00082e10  _InitEPwm5Gpio                        
0     00082e22  _InitEPwm6Gpio                        
0     00082265  _InitEPwm7Example                     
0     00082e34  _InitEPwm7Gpio                        
0     000822ba  _InitEPwm8Example                     
0     00082e48  _InitEPwm8Gpio                        
0     00082305  _InitEPwm9Example                     
0     00082e5c  _InitEPwm9Gpio                        
0     00082dab  _InitEPwmGpio                         
0     00008000  _InitFlash_Bank0                      
0     00008029  _InitFlash_Bank1                      
0     00082b67  _InitGpio                             
0     0008259e  _InitPeripheralClocks                 
0     000831fa  _InitPieCtrl                          
0     00083222  _InitPieVectTable                     
0     00082561  _InitSysCtrl                          
0     0008267e  _InitSysPll                           
1     00007900  _InputXbarRegs                        
0     000829be  _MCBSPA_RX_ISR                        
0     000829c3  _MCBSPA_TX_ISR                        
0     000829c8  _MCBSPB_RX_ISR                        
0     000829cd  _MCBSPB_TX_ISR                        
1     00006000  _McbspaRegs                           
1     00006040  _McbspbRegs                           
1     0005f400  _MemCfgRegs                           
1     0005f500  _MemoryErrorRegs                      
0     000828bf  _NMI_ISR                              
0     00082b62  _NOTUSED_ISR                          
1     00007060  _NmiIntruptRegs                       
1     00007a80  _OutputXbarRegs                       
1     0000a80a  _P                                    
0     00082b58  _PIE_RESERVED_ISR                     
1     0000a80e  _Pc                                   
1     00000ce0  _PieCtrlRegs                          
1     00000d00  _PieVectTable                         
0     00090000  _PieVectTableInit                     
0     00082b3f  _RAM_ACCESS_VIOLATION_ISR             
0     00082b35  _RAM_CORRECTABLE_ERROR_ISR            
0     000828b5  _RTOS_ISR                             
0     00086072  _RamfuncsLoadEnd                      
abs   00000072  _RamfuncsLoadSize                     
0     00086000  _RamfuncsLoadStart                    
0     00008072  _RamfuncsRunEnd                       
abs   00000072  _RamfuncsRunSize                      
0     00008000  _RamfuncsRunStart                     
0     00082658  _ReleaseFlashPump                     
1     0005e608  _RomPrefetchRegs                      
1     0005f540  _RomWaitStateRegs                     
0     00082a18  _SCIA_RX_ISR                          
0     00082a1d  _SCIA_TX_ISR                          
0     00082a22  _SCIB_RX_ISR                          
0     00082a27  _SCIB_TX_ISR                          
0     00082a04  _SCIC_RX_ISR                          
0     00082a09  _SCIC_TX_ISR                          
0     00082a0e  _SCID_RX_ISR                          
0     00082a13  _SCID_TX_ISR                          
0     00082aea  _SD1_ISR                              
0     00082aef  _SD2_ISR                              
0     000829aa  _SPIA_RX_ISR                          
0     000829af  _SPIA_TX_ISR                          
0     000829b4  _SPIB_RX_ISR                          
0     000829b9  _SPIB_TX_ISR                          
0     00082af4  _SPIC_RX_ISR                          
0     00082af9  _SPIC_TX_ISR                          
0     00082876  _STANDBY                              
0     00082b44  _SYS_PLL_SLIP_ISR                     
1     00007200  _SciaRegs                             
1     00007210  _ScibRegs                             
1     00007220  _ScicRegs                             
1     00007230  _ScidRegs                             
1     00005e00  _Sdfm1Regs                            
1     00005e80  _Sdfm2Regs                            
0     0008263a  _SeizeFlashPump_Bank0                 
0     00082649  _SeizeFlashPump_Bank1                 
0     00082662  _ServiceDog                           
0     000824f4  _SetupADCEpwm                         
1     00006100  _SpiaRegs                             
1     00006110  _SpibRegs                             
1     00006120  _SpicRegs                             
1     00007940  _SyncSocRegs                          
0     0008282d  _SysIntOsc1Sel                        
0     00082837  _SysIntOsc2Sel                        
0     00082841  _SysXtalOscSel                        
0     00082923  _TIMER0_ISR                           
0     000828a6  _TIMER1_ISR                           
0     000828ab  _TIMER2_ISR                           
0     00082afe  _UPPA_ISR                             
0     00082b03  _USBA_ISR                             
0     000828f6  _USER10_ISR                           
0     000828fb  _USER11_ISR                           
0     00082900  _USER12_ISR                           
0     000828c9  _USER1_ISR                            
0     000828ce  _USER2_ISR                            
0     000828d3  _USER3_ISR                            
0     000828d8  _USER4_ISR                            
0     000828dd  _USER5_ISR                            
0     000828e2  _USER6_ISR                            
0     000828e7  _USER7_ISR                            
0     000828ec  _USER8_ISR                            
0     000828f1  _USER9_ISR                            
1     00006200  _UppRegs                              
0     00082a9f  _VCU_ISR                              
0     00082928  _WAKE_ISR                             
1     00007000  _WdRegs                               
0     00082914  _XINT1_ISR                            
0     00082919  _XINT2_ISR                            
0     00082a90  _XINT3_ISR                            
0     00082a95  _XINT4_ISR                            
0     00082a9a  _XINT5_ISR                            
1     00007920  _XbarRegs                             
1     0000a816  _Xe                                   
1     00007070  _XintRegs                             
1     0000a81a  _Xp                                   
1     0000a814  _Zp                                   
1     00000800  __STACK_END                           
abs   00000400  __STACK_SIZE                          
1     0000a942  ___TI_cleanup_ptr                     
1     0000a944  ___TI_dtors_ptr                       
1     0000a940  ___TI_enable_exit_profile_output      
abs   ffffffff  ___TI_pprof_out_hndl                  
abs   ffffffff  ___TI_prof_data_size                  
abs   ffffffff  ___TI_prof_data_start                 
abs   ffffffff  ___binit__                            
abs   ffffffff  ___c_args__                           
0     00082000  ___cinit__                            
abs   ffffffff  ___etext__                            
abs   ffffffff  ___pinit__                            
abs   ffffffff  ___text__                             
0     000832b6  __args_main                           
1     0000a946  __lock                                
0     000832e2  __nop                                 
0     000832de  __register_lock                       
0     000832da  __register_unlock                     
1     00000400  __stack                               
0     000832e5  __system_post_cinit                   
0     000832e3  __system_pre_init                     
1     0000a948  __unlock                              
0     000831d1  _abort                                
0     000830ba  _adca1_isr                            
1     0000a805  _bufferFull                           
0     00083137  _c_int00                              
0     0008318b  _copy_in                              
0     00083282  _ddcopy                               
0     00083282  _dpcopy                               
1     0000a807  _emmergency                           
1     0000a82c  _epwm7_info                           
0     00083080  _epwm7_isr                            
1     0000a824  _epwm8_info                           
1     0000a81c  _epwm9_info                           
0     000831d3  _exit                                 
0     00082521  _filteredData                         
0     00082064  _main                                 
0     00083265  _memcpy                               
1     0000a834  _msg_rec                              
1     0000a800  _operator                             
0     00083282  _pdcopy                               
0     00083282  _ppcopy                               
1     0000a808  _pre_operator                         
1     0000a801  _pre_state                            
1     0000a803  _resultsIndex                         
0     000821b9  _scia_echoback_init                   
0     0008224d  _scia_fifo_init                       
0     000821fc  _scia_msg                             
0     000821f0  _scia_xmit                            
0     000821cc  _scib_echoback_init                   
0     00082255  _scib_fifo_init                       
0     0008220f  _scib_msg                             
0     00082222  _scib_xmit                            
0     000821de  _scic_echoback_init                   
0     0008225d  _scic_fifo_init                       
0     0008222e  _scic_msg                             
0     00082241  _scic_xmit                            
1     0000a806  _sendstate                            
1     0000a802  _state                                
0     00082368  _state_machine_processing             
0     00082350  _update_compare                       
1     0000a818  _varProcess                           
1     0000a812  _varVolt                              
0     0008309e  _xint1_isr                            
abs   ffffffff  binit                                 
0     00082000  cinit                                 
0     00080000  code_start                            
abs   ffffffff  etext                                 
abs   ffffffff  pinit                                 


GLOBAL SYMBOLS: SORTED BY Symbol Address 

page  address   name                                  
----  -------   ----                                  
0     00000ce0  _Cla1SoftIntRegs                      
0     00008000  _InitFlash_Bank0                      
0     00008000  _RamfuncsRunStart                     
0     00008029  _InitFlash_Bank1                      
0     00008052  _FlashOff_Bank0                       
0     00008060  _FlashOff_Bank1                       
0     0000806e  _F28x_usDelay                         
0     00008072  _RamfuncsRunEnd                       
0     00080000  code_start                            
0     00082000  ___cinit__                            
0     00082000  cinit                                 
0     00082064  _main                                 
0     000821b9  _scia_echoback_init                   
0     000821cc  _scib_echoback_init                   
0     000821de  _scic_echoback_init                   
0     000821f0  _scia_xmit                            
0     000821fc  _scia_msg                             
0     0008220f  _scib_msg                             
0     00082222  _scib_xmit                            
0     0008222e  _scic_msg                             
0     00082241  _scic_xmit                            
0     0008224d  _scia_fifo_init                       
0     00082255  _scib_fifo_init                       
0     0008225d  _scic_fifo_init                       
0     00082265  _InitEPwm7Example                     
0     000822ba  _InitEPwm8Example                     
0     00082305  _InitEPwm9Example                     
0     00082350  _update_compare                       
0     00082368  _state_machine_processing             
0     000824bd  _ConfigureADC                         
0     000824d8  _ConfigureEPWM                        
0     000824f4  _SetupADCEpwm                         
0     00082521  _filteredData                         
0     00082561  _InitSysCtrl                          
0     0008259e  _InitPeripheralClocks                 
0     00082622  _DisablePeripheralClocks              
0     0008263a  _SeizeFlashPump_Bank0                 
0     00082649  _SeizeFlashPump_Bank1                 
0     00082658  _ReleaseFlashPump                     
0     00082662  _ServiceDog                           
0     00082670  _DisableDog                           
0     0008267e  _InitSysPll                           
0     00082744  _InitAuxPll                           
0     0008280c  _CsmUnlock                            
0     0008282d  _SysIntOsc1Sel                        
0     00082837  _SysIntOsc2Sel                        
0     00082841  _SysXtalOscSel                        
0     0008284d  _AuxIntOsc2Sel                        
0     00082857  _AuxXtalOscSel                        
0     00082863  _AuxAuxClkSel                         
0     0008286d  _IDLE                                 
0     00082876  _STANDBY                              
0     00082881  _HALT                                 
0     00082892  _HIB                                  
0     000828a6  _TIMER1_ISR                           
0     000828ab  _TIMER2_ISR                           
0     000828b0  _DATALOG_ISR                          
0     000828b5  _RTOS_ISR                             
0     000828ba  _EMU_ISR                              
0     000828bf  _NMI_ISR                              
0     000828c4  _ILLEGAL_ISR                          
0     000828c9  _USER1_ISR                            
0     000828ce  _USER2_ISR                            
0     000828d3  _USER3_ISR                            
0     000828d8  _USER4_ISR                            
0     000828dd  _USER5_ISR                            
0     000828e2  _USER6_ISR                            
0     000828e7  _USER7_ISR                            
0     000828ec  _USER8_ISR                            
0     000828f1  _USER9_ISR                            
0     000828f6  _USER10_ISR                           
0     000828fb  _USER11_ISR                           
0     00082900  _USER12_ISR                           
0     00082905  _ADCA1_ISR                            
0     0008290a  _ADCB1_ISR                            
0     0008290f  _ADCC1_ISR                            
0     00082914  _XINT1_ISR                            
0     00082919  _XINT2_ISR                            
0     0008291e  _ADCD1_ISR                            
0     00082923  _TIMER0_ISR                           
0     00082928  _WAKE_ISR                             
0     0008292d  _EPWM1_TZ_ISR                         
0     00082932  _EPWM2_TZ_ISR                         
0     00082937  _EPWM3_TZ_ISR                         
0     0008293c  _EPWM4_TZ_ISR                         
0     00082941  _EPWM5_TZ_ISR                         
0     00082946  _EPWM6_TZ_ISR                         
0     0008294b  _EPWM7_TZ_ISR                         
0     00082950  _EPWM8_TZ_ISR                         
0     00082955  _EPWM1_ISR                            
0     0008295a  _EPWM2_ISR                            
0     0008295f  _EPWM3_ISR                            
0     00082964  _EPWM4_ISR                            
0     00082969  _EPWM5_ISR                            
0     0008296e  _EPWM6_ISR                            
0     00082973  _EPWM7_ISR                            
0     00082978  _EPWM8_ISR                            
0     0008297d  _ECAP1_ISR                            
0     00082982  _ECAP2_ISR                            
0     00082987  _ECAP3_ISR                            
0     0008298c  _ECAP4_ISR                            
0     00082991  _ECAP5_ISR                            
0     00082996  _ECAP6_ISR                            
0     0008299b  _EQEP1_ISR                            
0     000829a0  _EQEP2_ISR                            
0     000829a5  _EQEP3_ISR                            
0     000829aa  _SPIA_RX_ISR                          
0     000829af  _SPIA_TX_ISR                          
0     000829b4  _SPIB_RX_ISR                          
0     000829b9  _SPIB_TX_ISR                          
0     000829be  _MCBSPA_RX_ISR                        
0     000829c3  _MCBSPA_TX_ISR                        
0     000829c8  _MCBSPB_RX_ISR                        
0     000829cd  _MCBSPB_TX_ISR                        
0     000829d2  _DMA_CH1_ISR                          
0     000829d7  _DMA_CH2_ISR                          
0     000829dc  _DMA_CH3_ISR                          
0     000829e1  _DMA_CH4_ISR                          
0     000829e6  _DMA_CH5_ISR                          
0     000829eb  _DMA_CH6_ISR                          
0     000829f0  _I2CA_ISR                             
0     000829f5  _I2CA_FIFO_ISR                        
0     000829fa  _I2CB_ISR                             
0     000829ff  _I2CB_FIFO_ISR                        
0     00082a04  _SCIC_RX_ISR                          
0     00082a09  _SCIC_TX_ISR                          
0     00082a0e  _SCID_RX_ISR                          
0     00082a13  _SCID_TX_ISR                          
0     00082a18  _SCIA_RX_ISR                          
0     00082a1d  _SCIA_TX_ISR                          
0     00082a22  _SCIB_RX_ISR                          
0     00082a27  _SCIB_TX_ISR                          
0     00082a2c  _CANA0_ISR                            
0     00082a31  _CANA1_ISR                            
0     00082a36  _CANB0_ISR                            
0     00082a3b  _CANB1_ISR                            
0     00082a40  _ADCA_EVT_ISR                         
0     00082a45  _ADCA2_ISR                            
0     00082a4a  _ADCA3_ISR                            
0     00082a4f  _ADCA4_ISR                            
0     00082a54  _ADCB_EVT_ISR                         
0     00082a59  _ADCB2_ISR                            
0     00082a5e  _ADCB3_ISR                            
0     00082a63  _ADCB4_ISR                            
0     00082a68  _CLA1_1_ISR                           
0     00082a6d  _CLA1_2_ISR                           
0     00082a72  _CLA1_3_ISR                           
0     00082a77  _CLA1_4_ISR                           
0     00082a7c  _CLA1_5_ISR                           
0     00082a81  _CLA1_6_ISR                           
0     00082a86  _CLA1_7_ISR                           
0     00082a8b  _CLA1_8_ISR                           
0     00082a90  _XINT3_ISR                            
0     00082a95  _XINT4_ISR                            
0     00082a9a  _XINT5_ISR                            
0     00082a9f  _VCU_ISR                              
0     00082aa4  _FPU_OVERFLOW_ISR                     
0     00082aa9  _FPU_UNDERFLOW_ISR                    
0     00082aae  _IPC0_ISR                             
0     00082ab3  _IPC1_ISR                             
0     00082ab8  _IPC2_ISR                             
0     00082abd  _IPC3_ISR                             
0     00082ac2  _EPWM9_TZ_ISR                         
0     00082ac7  _EPWM10_TZ_ISR                        
0     00082acc  _EPWM11_TZ_ISR                        
0     00082ad1  _EPWM12_TZ_ISR                        
0     00082ad6  _EPWM9_ISR                            
0     00082adb  _EPWM10_ISR                           
0     00082ae0  _EPWM11_ISR                           
0     00082ae5  _EPWM12_ISR                           
0     00082aea  _SD1_ISR                              
0     00082aef  _SD2_ISR                              
0     00082af4  _SPIC_RX_ISR                          
0     00082af9  _SPIC_TX_ISR                          
0     00082afe  _UPPA_ISR                             
0     00082b03  _USBA_ISR                             
0     00082b08  _ADCC_EVT_ISR                         
0     00082b0d  _ADCC2_ISR                            
0     00082b12  _ADCC3_ISR                            
0     00082b17  _ADCC4_ISR                            
0     00082b1c  _ADCD_EVT_ISR                         
0     00082b21  _ADCD2_ISR                            
0     00082b26  _ADCD3_ISR                            
0     00082b2b  _ADCD4_ISR                            
0     00082b30  _EMIF_ERROR_ISR                       
0     00082b35  _RAM_CORRECTABLE_ERROR_ISR            
0     00082b3a  _FLASH_CORRECTABLE_ERROR_ISR          
0     00082b3f  _RAM_ACCESS_VIOLATION_ISR             
0     00082b44  _SYS_PLL_SLIP_ISR                     
0     00082b49  _AUX_PLL_SLIP_ISR                     
0     00082b4e  _CLA_OVERFLOW_ISR                     
0     00082b53  _CLA_UNDERFLOW_ISR                    
0     00082b58  _PIE_RESERVED_ISR                     
0     00082b5d  _EMPTY_ISR                            
0     00082b62  _NOTUSED_ISR                          
0     00082b67  _InitGpio                             
0     00082ba7  _GPIO_SetupPinMux                     
0     00082c33  _GPIO_SetupPinOptions                 
0     00082cc7  _GPIO_SetupLock                       
0     00082cf0  _GPIO_SetupXINT1Gpio                  
0     00082cfa  _GPIO_SetupXINT2Gpio                  
0     00082d04  _GPIO_SetupXINT3Gpio                  
0     00082d0e  _GPIO_SetupXINT4Gpio                  
0     00082d18  _GPIO_SetupXINT5Gpio                  
0     00082d22  _GPIO_EnableUnbondedIOPullupsFor176Pin
0     00082d3b  _GPIO_EnableUnbondedIOPullupsFor100Pin
0     00082d60  _GPIO_EnableUnbondedIOPullups         
0     00082d76  _GPIO_ReadPin                         
0     00082d8d  _GPIO_WritePin                        
0     00082dab  _InitEPwmGpio                         
0     00082dc4  _InitEPwm1Gpio                        
0     00082dd6  _InitEPwm2Gpio                        
0     00082de8  _InitEPwm3Gpio                        
0     00082dfc  _InitEPwm4Gpio                        
0     00082e10  _InitEPwm5Gpio                        
0     00082e22  _InitEPwm6Gpio                        
0     00082e34  _InitEPwm7Gpio                        
0     00082e48  _InitEPwm8Gpio                        
0     00082e5c  _InitEPwm9Gpio                        
0     00082e6e  _InitEPwm10Gpio                       
0     00082e81  _InitEPwm11Gpio                       
0     00082e95  _InitEPwm12Gpio                       
0     00082ea8  _AdcSetMode                           
0     00082f4b  _CalAdcINL                            
0     00082f85  FS$$DIV                               
0     00083008  FS$$SUB                               
0     0008300d  FS$$ADD                               
0     00083080  _epwm7_isr                            
0     0008309e  _xint1_isr                            
0     000830ba  _adca1_isr                            
0     000830dd  FS$$MPY                               
0     00083137  _c_int00                              
0     0008318b  _copy_in                              
0     000831d1  C$$EXIT                               
0     000831d1  _abort                                
0     000831d3  _exit                                 
0     000831fa  _InitPieCtrl                          
0     00083219  _EnableInterrupts                     
0     00083222  _InitPieVectTable                     
0     00083248  FS$$TOU                               
0     00083265  _memcpy                               
0     00083282  _ddcopy                               
0     00083282  _dpcopy                               
0     00083282  _pdcopy                               
0     00083282  _ppcopy                               
0     0008329c  I$$TOFS                               
0     000832b6  __args_main                           
0     000832cf  U$$DIV                                
0     000832d4  U$$MOD                                
0     000832da  __register_unlock                     
0     000832de  __register_lock                       
0     000832e2  __nop                                 
0     000832e3  __system_pre_init                     
0     000832e5  __system_post_cinit                   
0     00086000  _RamfuncsLoadStart                    
0     00086072  _RamfuncsLoadEnd                      
0     00090000  _PieVectTableInit                     
1     00000400  __stack                               
1     00000800  __STACK_END                           
1     00000b00  _AdcaResultRegs                       
1     00000b20  _AdcbResultRegs                       
1     00000b40  _AdccResultRegs                       
1     00000b60  _AdcdResultRegs                       
1     00000c00  _CpuTimer0Regs                        
1     00000c08  _CpuTimer1Regs                        
1     00000c10  _CpuTimer2Regs                        
1     00000ce0  _PieCtrlRegs                          
1     00000d00  _EmuKey                               
1     00000d00  _PieVectTable                         
1     00000d01  _EmuBMode                             
1     00001000  _DmaRegs                              
1     00001400  _Cla1Regs                             
1     00004000  _EPwm1Regs                            
1     00004100  _EPwm2Regs                            
1     00004200  _EPwm3Regs                            
1     00004300  _EPwm4Regs                            
1     00004400  _EPwm5Regs                            
1     00004500  _EPwm6Regs                            
1     00004600  _EPwm7Regs                            
1     00004700  _EPwm8Regs                            
1     00004800  _EPwm9Regs                            
1     00004900  _EPwm10Regs                           
1     00004a00  _EPwm11Regs                           
1     00004b00  _EPwm12Regs                           
1     00005000  _ECap1Regs                            
1     00005020  _ECap2Regs                            
1     00005040  _ECap3Regs                            
1     00005060  _ECap4Regs                            
1     00005080  _ECap5Regs                            
1     000050a0  _ECap6Regs                            
1     00005100  _EQep1Regs                            
1     00005140  _EQep2Regs                            
1     00005180  _EQep3Regs                            
1     00005c00  _DacaRegs                             
1     00005c10  _DacbRegs                             
1     00005c20  _DaccRegs                             
1     00005c80  _Cmpss1Regs                           
1     00005ca0  _Cmpss2Regs                           
1     00005cc0  _Cmpss3Regs                           
1     00005ce0  _Cmpss4Regs                           
1     00005d00  _Cmpss5Regs                           
1     00005d20  _Cmpss6Regs                           
1     00005d40  _Cmpss7Regs                           
1     00005d60  _Cmpss8Regs                           
1     00005e00  _Sdfm1Regs                            
1     00005e80  _Sdfm2Regs                            
1     00006000  _McbspaRegs                           
1     00006040  _McbspbRegs                           
1     00006100  _SpiaRegs                             
1     00006110  _SpibRegs                             
1     00006120  _SpicRegs                             
1     00006200  _UppRegs                              
1     00007000  _WdRegs                               
1     00007060  _NmiIntruptRegs                       
1     00007070  _XintRegs                             
1     00007200  _SciaRegs                             
1     00007210  _ScibRegs                             
1     00007220  _ScicRegs                             
1     00007230  _ScidRegs                             
1     00007300  _I2caRegs                             
1     00007340  _I2cbRegs                             
1     00007400  _AdcaRegs                             
1     00007480  _AdcbRegs                             
1     00007500  _AdccRegs                             
1     00007580  _AdcdRegs                             
1     00007900  _InputXbarRegs                        
1     00007920  _XbarRegs                             
1     00007940  _SyncSocRegs                          
1     00007980  _DmaClaSrcSelRegs                     
1     00007a00  _EPwmXbarRegs                         
1     00007a80  _OutputXbarRegs                       
1     00007c00  _GpioCtrlRegs                         
1     00007f00  _GpioDataRegs                         
1     0000a800  _operator                             
1     0000a801  _pre_state                            
1     0000a802  _state                                
1     0000a803  _resultsIndex                         
1     0000a804  _EPwm1TimerIntCount                   
1     0000a805  _bufferFull                           
1     0000a806  _sendstate                            
1     0000a807  _emmergency                           
1     0000a808  _pre_operator                         
1     0000a80a  _P                                    
1     0000a80c  _EPwm_CMP                             
1     0000a80e  _Pc                                   
1     0000a810  _G                                    
1     0000a812  _varVolt                              
1     0000a814  _Zp                                   
1     0000a816  _Xe                                   
1     0000a818  _varProcess                           
1     0000a81a  _Xp                                   
1     0000a81c  _epwm9_info                           
1     0000a824  _epwm8_info                           
1     0000a82c  _epwm7_info                           
1     0000a834  _msg_rec                              
1     0000a840  _AdcaResults                          
1     0000a940  ___TI_enable_exit_profile_output      
1     0000a942  ___TI_cleanup_ptr                     
1     0000a944  ___TI_dtors_ptr                       
1     0000a946  __lock                                
1     0000a948  __unlock                              
1     00047000  _Emif1Regs                            
1     00047800  _Emif2Regs                            
1     00050024  _FlashPumpSemaphoreRegs               
1     0005d000  _DevCfgRegs                           
1     0005d180  _AnalogSubsysRegs                     
1     0005d200  _ClkCfgRegs                           
1     0005d300  _CpuSysRegs                           
1     0005e608  _RomPrefetchRegs                      
1     0005f000  _DcsmZ1Regs                           
1     0005f040  _DcsmZ2Regs                           
1     0005f070  _DcsmCommonRegs                       
1     0005f400  _MemCfgRegs                           
1     0005f480  _Emif1ConfigRegs                      
1     0005f4a0  _Emif2ConfigRegs                      
1     0005f4c0  _AccessProtectionRegs                 
1     0005f500  _MemoryErrorRegs                      
1     0005f540  _RomWaitStateRegs                     
1     0005f800  _Flash0CtrlRegs                       
1     0005fb00  _Flash0EccRegs                        
1     0005fc00  _Flash1CtrlRegs                       
1     0005ff00  _Flash1EccRegs                        
1     00078000  _DcsmZ1Otp                            
1     00078200  _DcsmZ2Otp                            
abs   00000072  _RamfuncsLoadSize                     
abs   00000072  _RamfuncsRunSize                      
abs   00000400  __STACK_SIZE                          
abs   ffffffff  .text                                 
abs   ffffffff  ___TI_pprof_out_hndl                  
abs   ffffffff  ___TI_prof_data_size                  
abs   ffffffff  ___TI_prof_data_start                 
abs   ffffffff  ___binit__                            
abs   ffffffff  ___c_args__                           
abs   ffffffff  ___etext__                            
abs   ffffffff  ___pinit__                            
abs   ffffffff  ___text__                             
abs   ffffffff  binit                                 
abs   ffffffff  etext                                 
abs   ffffffff  pinit                                 

[399 symbols]
